
> eventhall-frontend@0.0.0 dev
> vite

[33mThe CJS build of Vite's Node API is deprecated. See https://vite.dev/guide/troubleshooting.html#vite-cjs-node-api-deprecated for more details.[39m

  [32m[1mVITE[22m v5.4.21[39m  [2mready in [0m[1m291[22m[2m[0m ms[22m

  [32m➜[39m  [1mLocal[22m:   [36mhttp://localhost:[1m5173[22m/[39m
  [32m➜[39m  [1mNetwork[22m: [36mhttp://10.27.112.82:[1m5173[22m/[39m
[2m[32m  ➜[39m[22m[2m  press [22m[1mh + enter[22m[2m to show help[22m
<anonymous_script>:1
﻿{
^

[Failed to load PostCSS config: Failed to load PostCSS config (searchPath: C:/Users/SAKTHIMICRO/EventHallBookingSystem/frontend): [SyntaxError] Unexpected token '﻿', "﻿{
  "name"... is not valid JSON
SyntaxError: Unexpected token '﻿', "﻿{
  "name"... is not valid JSON
    at JSON.parse (<anonymous>)
    at jsonLoader (file:///C:/Users/SAKTHIMICRO/EventHallBookingSystem/frontend/node_modules/vite/dist/node/chunks/dep-BK3b2jBa.js:25734:41)
    at Object.search (file:///C:/Users/SAKTHIMICRO/EventHallBookingSystem/frontend/node_modules/vite/dist/node/chunks/dep-BK3b2jBa.js:25895:25)]

Node.js v22.17.0
